<!DOCTYPE html>
<html>
	<head></head>
	<body>
		Hello there!		
		
		Testing
	</body>
</html>
